#
# There is insufficient memory for the Java Runtime Environment to continue.
# Native memory allocation (mmap) failed to map 134217728 bytes. Error detail: G1 virtual space
# Possible reasons:
#   The system is out of physical RAM or swap space
#   This process is running with CompressedOops enabled, and the Java Heap may be blocking the growth of the native heap
# Possible solutions:
#   Reduce memory load on the system
#   Increase physical memory or swap space
#   Check if swap backing store is full
#   Decrease Java heap size (-Xmx/-Xms)
#   Decrease number of Java threads
#   Decrease Java thread stack sizes (-Xss)
#   Set larger code cache with -XX:ReservedCodeCacheSize=
#   JVM is running with Unscaled Compressed Oops mode in which the Java heap is
#     placed in the first 4GB address space. The Java Heap base address is the
#     maximum limit for the native heap growth. Please use -XX:HeapBaseMinAddress
#     to set the Java Heap base and to place the Java Heap above 4GB virtual address.
# This output file may be truncated or incomplete.
#
#  Out of Memory Error (os_windows.cpp:3825), pid=8108, tid=13052
#
# JRE version:  (17.0.11) (build )
# Java VM: OpenJDK 64-Bit Server VM (17.0.11+0--11852314, mixed mode, sharing, tiered, compressed oops, compressed class ptrs, g1 gc, windows-amd64)
# No core dump will be written. Minidumps are not enabled by default on client versions of Windows
#

---------------  S U M M A R Y ------------

Command Line: org.jetbrains.kotlin.cli.jvm.K2JVMCompiler @D:\Android\AndroidStudioProjects\BookingHotel2\app\build\20241112_8058516395030097704.compiler.options

Host: Intel(R) Core(TM) i5-6300U CPU @ 2.40GHz, 4 cores, 7G,  Windows 10 , 64 bit Build 18362 (10.0.18362.1500)
Time: Tue Nov 12 16:41:56 2024 SE Asia Standard Time elapsed time: 0.015007 seconds (0d 0h 0m 0s)

---------------  T H R E A D  ---------------

Current thread (0x0000017c51259560):  JavaThread "Unknown thread" [_thread_in_vm, id=13052, stack(0x00000057a7600000,0x00000057a7700000)]

Stack: [0x00000057a7600000,0x00000057a7700000]
Native frames: (J=compiled Java code, j=interpreted, Vv=VM code, C=native code)
V  [jvm.dll+0x687bb9]
V  [jvm.dll+0x84142a]
V  [jvm.dll+0x8430ae]
V  [jvm.dll+0x843713]
V  [jvm.dll+0x24a35f]
V  [jvm.dll+0x684989]
V  [jvm.dll+0x67923a]
V  [jvm.dll+0x30af0b]
V  [jvm.dll+0x3123b6]
V  [jvm.dll+0x361dfe]
V  [jvm.dll+0x36202f]
V  [jvm.dll+0x2e0d38]
V  [jvm.dll+0x2e1ca4]
V  [jvm.dll+0x811f21]
V  [jvm.dll+0x36fb68]
V  [jvm.dll+0x7f0896]
V  [jvm.dll+0x3f3d2f]
V  [jvm.dll+0x3f58e1]
C  [jli.dll+0x528f]
C  [ucrtbase.dll+0x210b2]
C  [KERNEL32.DLL+0x17c24]
C  [ntdll.dll+0x6d721]


---------------  P R O C E S S  ---------------

Threads class SMR info:
_java_thread_list=0x00007ff95f51efd8, length=0, elements={
}

Java Threads: ( => current thread )

Other Threads:
  0x0000017c512b3520 GCTaskThread "GC Thread#0" [stack: 0x00000057a7700000,0x00000057a7800000] [id=5864]
  0x0000017c512c5100 ConcurrentGCThread "G1 Main Marker" [stack: 0x00000057a7800000,0x00000057a7900000] [id=6508]
  0x0000017c512c62c0 ConcurrentGCThread "G1 Conc#0" [stack: 0x00000057a7900000,0x00000057a7a00000] [id=4836]

[error occurred during error reporting (printing all threads), id 0xc0000005, EXCEPTION_ACCESS_VIOLATION (0xc0000005) at pc=0x00007ff95ecd1907]

VM state: not at safepoint (not fully initialized)

VM Mutex/Monitor currently owned by a thread:  ([mutex/lock_event])
[0x0000017c51253cd0] Heap_lock - owner thread: 0x0000017c51259560

Heap address: 0x0000000081c00000, size: 2020 MB, Compressed Oops mode: 32-bit

CDS archive(s) mapped at: [0x0000000000000000-0x0000000000000000-0x0000000000000000), size 0, SharedBaseAddress: 0x0000000800000000, ArchiveRelocationMode: 1.
Narrow klass base: 0x0000000000000000, Narrow klass shift: 0, Narrow klass range: 0x0

GC Precious Log:
<Empty>

Heap:
 garbage-first heap   total 0K, used 0K [0x0000000081c00000, 0x0000000100000000)
  region size 1024K, 0 young (0K), 0 survivors (0K)
 Metaspace       used 0K, committed 0K, reserved 0K
  class space    used 0K, committed 0K, reserved 0K

Heap Regions: E=young(eden), S=young(survivor), O=old, HS=humongous(starts), HC=humongous(continues), CS=collection set, F=free, OA=open archive, CA=closed archive, TAMS=top-at-mark-start (previous, next)

Card table byte_map: [0x0000017c63b30000,0x0000017c63f30000] _byte_map_base: 0x0000017c63722000

Marking Bits (Prev, Next): (CMBitMap*) 0x0000017c512b4b50, (CMBitMap*) 0x0000017c512b4b90
 Prev Bits: [0x0000017c64330000, 0x0000017c662c0000)
 Next Bits: [0x0000017c662c0000, 0x0000017c68250000)

GC Heap History (0 events):
No events

Dll operation events (1 events):
Event: 0.009 Loaded shared library D:\Android\Android Studio\jbr\bin\java.dll

Deoptimization events (0 events):
No events

Classes unloaded (0 events):
No events

Classes redefined (0 events):
No events

Internal exceptions (0 events):
No events

VM Operations (0 events):
No events

Events (0 events):
No events


Dynamic libraries:
0x00007ff6c65a0000 - 0x00007ff6c65aa000 	D:\Android\Android Studio\jbr\bin\java.exe
0x00007ff9d6960000 - 0x00007ff9d6b50000 	C:\Windows\SYSTEM32\ntdll.dll
0x00007ff9d4a10000 - 0x00007ff9d4ac2000 	C:\Windows\System32\KERNEL32.DLL
0x00007ff9d4660000 - 0x00007ff9d4905000 	C:\Windows\System32\KERNELBASE.dll
0x00007ff9d4910000 - 0x00007ff9d4a0a000 	C:\Windows\System32\ucrtbase.dll
0x00007ff9c16d0000 - 0x00007ff9c16eb000 	D:\Android\Android Studio\jbr\bin\VCRUNTIME140.dll
0x00007ff9c07b0000 - 0x00007ff9c07c7000 	D:\Android\Android Studio\jbr\bin\jli.dll
0x00007ff9d6260000 - 0x00007ff9d63f4000 	C:\Windows\System32\USER32.dll
0x00007ff9c2710000 - 0x00007ff9c2994000 	C:\Windows\WinSxS\amd64_microsoft.windows.common-controls_6595b64144ccf1df_6.0.18362.1556_none_9e7e372fe45e41d5\COMCTL32.dll
0x00007ff9d4610000 - 0x00007ff9d4631000 	C:\Windows\System32\win32u.dll
0x00007ff9d67d0000 - 0x00007ff9d686e000 	C:\Windows\System32\msvcrt.dll
0x00007ff9d5f10000 - 0x00007ff9d5f36000 	C:\Windows\System32\GDI32.dll
0x00007ff9d4ad0000 - 0x00007ff9d4e06000 	C:\Windows\System32\combase.dll
0x00007ff9d38d0000 - 0x00007ff9d3a68000 	C:\Windows\System32\gdi32full.dll
0x00007ff9d66b0000 - 0x00007ff9d67cf000 	C:\Windows\System32\RPCRT4.dll
0x00007ff9d42d0000 - 0x00007ff9d436e000 	C:\Windows\System32\msvcp_win.dll
0x00007ff9d4580000 - 0x00007ff9d4601000 	C:\Windows\System32\bcryptPrimitives.dll
0x00007ff9d4ee0000 - 0x00007ff9d4f0e000 	C:\Windows\System32\IMM32.DLL
0x00007ff9cedc0000 - 0x00007ff9cedcc000 	D:\Android\Android Studio\jbr\bin\vcruntime140_1.dll
0x00007ff9b5060000 - 0x00007ff9b50ed000 	D:\Android\Android Studio\jbr\bin\msvcp140.dll
0x00007ff95e9e0000 - 0x00007ff95f663000 	D:\Android\Android Studio\jbr\bin\server\jvm.dll
0x00007ff9d64f0000 - 0x00007ff9d6593000 	C:\Windows\System32\ADVAPI32.dll
0x00007ff9d6610000 - 0x00007ff9d66a7000 	C:\Windows\System32\sechost.dll
0x00007ff9d3860000 - 0x00007ff9d38aa000 	C:\Windows\System32\POWRPROF.dll
0x00007ff9d3810000 - 0x00007ff9d3820000 	C:\Windows\System32\UMPDC.dll
0x00007ff9d1570000 - 0x00007ff9d1594000 	C:\Windows\SYSTEM32\WINMM.dll
0x00007ff9cfd30000 - 0x00007ff9cfd39000 	C:\Windows\SYSTEM32\WSOCK32.dll
0x00007ff9cb4b0000 - 0x00007ff9cb4ba000 	C:\Windows\SYSTEM32\VERSION.dll
0x00007ff9d65a0000 - 0x00007ff9d660f000 	C:\Windows\System32\WS2_32.dll
0x00007ff9d1510000 - 0x00007ff9d153d000 	C:\Windows\SYSTEM32\WINMMBASE.dll
0x00007ff9d3b00000 - 0x00007ff9d3b4a000 	C:\Windows\System32\cfgmgr32.dll
0x00007ff9d3820000 - 0x00007ff9d3831000 	C:\Windows\System32\kernel.appcore.dll
0x00007ff9cde60000 - 0x00007ff9cde6a000 	D:\Android\Android Studio\jbr\bin\jimage.dll
0x00007ff9d1fa0000 - 0x00007ff9d2194000 	C:\Windows\SYSTEM32\DBGHELP.DLL
0x00007ff9b5fa0000 - 0x00007ff9b5fca000 	C:\Windows\SYSTEM32\dbgcore.DLL
0x00007ff9c1780000 - 0x00007ff9c17a5000 	D:\Android\Android Studio\jbr\bin\java.dll

dbghelp: loaded successfully - version: 4.0.5 - missing functions: none
symbol engine: initialized successfully - sym options: 0x614 - pdb path: .;D:\Android\Android Studio\jbr\bin;C:\Windows\SYSTEM32;C:\Windows\WinSxS\amd64_microsoft.windows.common-controls_6595b64144ccf1df_6.0.18362.1556_none_9e7e372fe45e41d5;D:\Android\Android Studio\jbr\bin\server

VM Arguments:
java_command: org.jetbrains.kotlin.cli.jvm.K2JVMCompiler @D:\Android\AndroidStudioProjects\BookingHotel2\app\build\20241112_8058516395030097704.compiler.options
java_class_path (initial): C:\Users\admin\.gradle\caches\modules-2\files-2.1\org.jetbrains.kotlin\kotlin-compiler-embeddable\1.9.0\2c8c3a7402becca891f12739b3e9fd2dc2adbd7a\kotlin-compiler-embeddable-1.9.0.jar;C:\Users\admin\.gradle\caches\modules-2\files-2.1\org.jetbrains.kotlin\kotlin-stdlib\1.9.0\8ee15ef0c67dc83d874f412d84378d7f0eb50b63\kotlin-stdlib-1.9.0.jar;C:\Users\admin\.gradle\caches\modules-2\files-2.1\org.jetbrains.kotlin\kotlin-script-runtime\1.9.0\4b3102cbbb7e1b58d9d1adf89563f00069ffa7d1\kotlin-script-runtime-1.9.0.jar;C:\Users\admin\.gradle\caches\modules-2\files-2.1\org.jetbrains.kotlin\kotlin-reflect\1.6.10\1cbe9c92c12a94eea200d23c2bbaedaf3daf5132\kotlin-reflect-1.6.10.jar;C:\Users\admin\.gradle\caches\modules-2\files-2.1\org.jetbrains.kotlin\kotlin-daemon-embeddable\1.9.0\186543f5e28cf8d9a0290fecc2cf34301c40a65c\kotlin-daemon-embeddable-1.9.0.jar;C:\Users\admin\.gradle\caches\modules-2\files-2.1\org.jetbrains.intellij.deps\trove4j\1.0.20200330\3afb14d5f9ceb459d724e907a21145e8ff394f02\trove4j-1.0.20200330.jar;C:\Users\admin\.gradle\caches\modules-2\files-2.1\org.jetbrains.kotlin\kotlin-stdlib-common\1.9.0\cd65c21cfd1eec4d44ef09f9f52b6d9f8a720636\kotlin-stdlib-common-1.9.0.jar;C:\Users\admin\.gradle\caches\modules-2\files-2.1\org.jetbrains\annotations\13.0\919f0dfe192fb4e063e7dacadee7f8bb9a2672a9\annotations-13.0.jar
Launcher Type: SUN_STANDARD

[Global flags]
     intx CICompilerCount                          = 3                                         {product} {ergonomic}
     uint ConcGCThreads                            = 1                                         {product} {ergonomic}
     uint G1ConcRefinementThreads                  = 4                                         {product} {ergonomic}
   size_t G1HeapRegionSize                         = 1048576                                   {product} {ergonomic}
    uintx GCDrainStackTargetSize                   = 64                                        {product} {ergonomic}
   size_t InitialHeapSize                          = 134217728                                 {product} {ergonomic}
   size_t MarkStackSize                            = 4194304                                   {product} {ergonomic}
   size_t MaxHeapSize                              = 2118123520                                {product} {ergonomic}
   size_t MinHeapDeltaBytes                        = 1048576                                   {product} {ergonomic}
   size_t MinHeapSize                              = 8388608                                   {product} {ergonomic}
    uintx NonNMethodCodeHeapSize                   = 5832780                                {pd product} {ergonomic}
    uintx NonProfiledCodeHeapSize                  = 122912730                              {pd product} {ergonomic}
    uintx ProfiledCodeHeapSize                     = 122912730                              {pd product} {ergonomic}
    uintx ReservedCodeCacheSize                    = 251658240                              {pd product} {ergonomic}
     bool SegmentedCodeCache                       = true                                      {product} {ergonomic}
   size_t SoftMaxHeapSize                          = 2118123520                             {manageable} {ergonomic}
     bool UseCompressedClassPointers               = true                           {product lp64_product} {ergonomic}
     bool UseCompressedOops                        = true                           {product lp64_product} {ergonomic}
     bool UseG1GC                                  = true                                      {product} {ergonomic}
     bool UseLargePagesIndividualAllocation        = false                                  {pd product} {ergonomic}

Logging:
Log output configuration:
 #0: stdout all=warning uptime,level,tags
 #1: stderr all=off uptime,level,tags

Environment Variables:
PATH=C:\Python312\Scripts\;C:\Python312\;C:\Windows\system32;C:\Windows;C:\Windows\System32\Wbem;C:\Windows\System32\WindowsPowerShell\v1.0\;C:\Windows\System32\OpenSSH\;C:\Program Files\dotnet\;C:\Program Files\Cloudflare\Cloudflare WARP\;C:\Program Files (x86)\Intel\Intel(R) Management Engine Components\DAL;C:\Program Files\Intel\Intel(R) Management Engine Components\DAL;C:\ProgramData\chocolatey\bin;D:\nodejs\;C:\Users\admin\AppData\Local\Microsoft\WindowsApps;C:\Users\admin\AppData\Local\Programs\Microsoft VS Code\bin;D:\xampp\php;D:\nodejs\;C:\Users\admin\AppData\Roaming\npm
USERNAME=admin
OS=Windows_NT
PROCESSOR_IDENTIFIER=Intel64 Family 6 Model 78 Stepping 3, GenuineIntel
TMP=C:\Users\admin\AppData\Local\Temp
TEMP=C:\Users\admin\AppData\Local\Temp



Periodic native trim disabled

JNI global refs:
JNI global refs: 0, weak refs: 0

JNI global refs memory usage: 0, weak refs: 0

Process memory usage:
Resident Set Size: 10516K (0% of 8266860K total physical memory with 583692K free physical memory)

OOME stack traces (most recent first):
Classloader memory used:


---------------  S Y S T E M  ---------------

OS:
 Windows 10 , 64 bit Build 18362 (10.0.18362.1500)
OS uptime: 0 days 3:09 hours

CPU: total 4 (initial active 4) (2 cores per cpu, 2 threads per core) family 6 model 78 stepping 3 microcode 0xec, cx8, cmov, fxsr, ht, mmx, 3dnowpref, sse, sse2, sse3, ssse3, sse4.1, sse4.2, popcnt, lzcnt, tsc, tscinvbit, avx, avx2, aes, erms, clmul, bmi1, bmi2, rtm, adx, fma, vzeroupper, clflush, clflushopt
Processor Information for all 4 processors :
  Max Mhz: 2501, Current Mhz: 2501, Mhz Limit: 2501

Memory: 4k page, system-wide physical 8073M (570M free)
TotalPageFile size 12147M (AvailPageFile size 66M)
current process WorkingSet (physical memory assigned to process): 10M, peak: 10M
current process commit charge ("private bytes"): 52M, peak: 179M

vm_info: OpenJDK 64-Bit Server VM (17.0.11+0--11852314) for windows-amd64 JRE (17.0.11+0--11852314), built on May 16 2024 21:29:20 by "androidbuild" with MS VC++ 16.10 / 16.11 (VS2019)

END.
